nsh: command not found `doisakeyword'
nsh: command not found `then-is-a-keyword'
