source command works
a
b
c d


unset --------------
123

exit
