1 2 3
1
2
3
36
Cargo.lock
Cargo.toml
README.md
Cargo.lock
Cargo.toml
README.md
Cargo.toml/Cargo.lock#README.md
