loop1-----
foo
bar
loop2-----
foo
bar
loop3------
foo
bar
