00000000  68 65 6c 6c 6f 0a                                 |hello.|
00000006
1
2
3 4
00000000  68 65 6c 6c 6f 0a 77 6f  72 6c 64 0a 66 6f 6f 3d  |hello.world.foo=|
00000010  31 32 33 0a                                       |123.|
00000014
00000000  67 75 74 65 6e 0a 74 61  67 0a                    |guten.tag.|
0000000a
guten
