hello
message1
message2
sh: this_command_does_not_exist: command not found
