README.md
friends
monty_python
friends/songs
friends/the_one_with_the_lottery.txt
monty_python/cheese.txt
monty_python/parrot.txt
monty_python/spam_egg_spam_spam_bacon_and_span.txt
monty_python/spam_spam_spam_spam_spam_spam_baked_beans_spam_spam_spam_and_spam.txt
friends/songs/ross_can.mp3
friends/songs/smelly_cat.mp3
friends/songs/smelly_cat.mp3
monty_python/spam_egg_spam_spam_bacon_and_span.txt
monty_python/spam_spam_spam_spam_spam_spam_baked_beans_spam_spam_spam_and_spam.txt
friends
friends/songs
friends/the_one_with_the_lottery.txt
friends/songs
friends/the_one_with_the_lottery.txt
